0 INFO EVENT=SESSION_START PPR=20 WHEEL_MM=65 NOMINAL_V=6.0
500 INFO TEMP_C=31.1 SUPPLY_V=5.99 RPM_L=0 RPM_R=0 CMD_L=0 CMD_R=0 THROTTLE=0 STEER=0
1000 INFO TEMP_C=31.3 SUPPLY_V=5.99 RPM_L=1 RPM_R=1 CMD_L=0 CMD_R=0 THROTTLE=0 STEER=0
1500 INFO TEMP_C=31.4 SUPPLY_V=5.99 RPM_L=1 RPM_R=1 CMD_L=0 CMD_R=0 THROTTLE=0 STEER=0
2000 INFO TEMP_C=31.5 SUPPLY_V=5.99 RPM_L=2 RPM_R=2 CMD_L=0 CMD_R=0 THROTTLE=0 STEER=0
2500 INFO TEMP_C=31.7 SUPPLY_V=5.99 RPM_L=2 RPM_R=2 CMD_L=0 CMD_R=0 THROTTLE=0 STEER=0
3000 INFO TEMP_C=31.8 SUPPLY_V=6.00 RPM_L=2 RPM_R=2 CMD_L=0 CMD_R=0 THROTTLE=0 STEER=0
3500 INFO TEMP_C=31.9 SUPPLY_V=6.00 RPM_L=2 RPM_R=2 CMD_L=0 CMD_R=0 THROTTLE=0 STEER=0
4000 INFO TEMP_C=32.0 SUPPLY_V=6.00 RPM_L=2 RPM_R=2 CMD_L=0 CMD_R=0 THROTTLE=0 STEER=0
4500 INFO TEMP_C=32.2 SUPPLY_V=6.00 RPM_L=2 RPM_R=2 CMD_L=0 CMD_R=0 THROTTLE=0 STEER=0
5000 INFO TEMP_C=32.3 SUPPLY_V=6.00 RPM_L=2 RPM_R=2 CMD_L=0 CMD_R=0 THROTTLE=0 STEER=0
5500 INFO TEMP_C=32.4 SUPPLY_V=6.00 RPM_L=1 RPM_R=2 CMD_L=0 CMD_R=0 THROTTLE=0 STEER=0
6000 INFO TEMP_C=32.6 SUPPLY_V=6.00 RPM_L=1 RPM_R=2 CMD_L=0 CMD_R=0 THROTTLE=0 STEER=0
6500 INFO TEMP_C=32.7 SUPPLY_V=6.00 RPM_L=0 RPM_R=1 CMD_L=0 CMD_R=0 THROTTLE=0 STEER=0
7000 INFO TEMP_C=32.8 SUPPLY_V=6.00 RPM_L=0 RPM_R=1 CMD_L=0 CMD_R=0 THROTTLE=0 STEER=0
7500 INFO TEMP_C=32.9 SUPPLY_V=6.00 RPM_L=0 RPM_R=0 CMD_L=0 CMD_R=0 THROTTLE=0 STEER=0
8000 INFO TEMP_C=33.0 SUPPLY_V=6.00 RPM_L=0 RPM_R=0 CMD_L=0 CMD_R=0 THROTTLE=0 STEER=0
8500 INFO TEMP_C=33.1 SUPPLY_V=6.00 RPM_L=0 RPM_R=0 CMD_L=0 CMD_R=0 THROTTLE=0 STEER=0
9000 INFO TEMP_C=33.2 SUPPLY_V=6.00 RPM_L=0 RPM_R=0 CMD_L=0 CMD_R=0 THROTTLE=0 STEER=0
9500 INFO TEMP_C=33.4 SUPPLY_V=6.00 RPM_L=0 RPM_R=0 CMD_L=0 CMD_R=0 THROTTLE=0 STEER=0
10000 INFO TEMP_C=33.5 SUPPLY_V=6.00 RPM_L=0 RPM_R=0 CMD_L=0 CMD_R=0 THROTTLE=0 STEER=0
10500 INFO TEMP_C=33.6 SUPPLY_V=6.00 RPM_L=0 RPM_R=0 CMD_L=0 CMD_R=0 THROTTLE=0 STEER=0
11000 INFO TEMP_C=33.7 SUPPLY_V=6.00 RPM_L=0 RPM_R=0 CMD_L=0 CMD_R=0 THROTTLE=0 STEER=0
11500 INFO TEMP_C=33.8 SUPPLY_V=6.00 RPM_L=0 RPM_R=0 CMD_L=0 CMD_R=0 THROTTLE=0 STEER=0
12000 INFO TEMP_C=33.9 SUPPLY_V=6.00 RPM_L=0 RPM_R=0 CMD_L=0 CMD_R=0 THROTTLE=0 STEER=0
12500 INFO TEMP_C=34.0 SUPPLY_V=6.00 RPM_L=0 RPM_R=0 CMD_L=0 CMD_R=0 THROTTLE=0 STEER=0
13000 INFO TEMP_C=34.0 SUPPLY_V=6.00 RPM_L=0 RPM_R=0 CMD_L=0 CMD_R=0 THROTTLE=0 STEER=0
13500 INFO TEMP_C=34.1 SUPPLY_V=6.00 RPM_L=0 RPM_R=0 CMD_L=0 CMD_R=0 THROTTLE=0 STEER=0
13501 INFO TEMP_C=abc SUPPLY_V=5.92 RPM_L=100 RPM_R=98 CMD_L=30 CMD_R=30 THROTTLE=30 STEER=0
14000 INFO TEMP_C=34.2 SUPPLY_V=6.00 RPM_L=0 RPM_R=0 CMD_L=0 CMD_R=0 THROTTLE=0 STEER=0
14500 INFO TEMP_C=34.3 SUPPLY_V=6.00 RPM_L=0 RPM_R=0 CMD_L=0 CMD_R=0 THROTTLE=0 STEER=0
15000 INFO TEMP_C=34.4 SUPPLY_V=5.97 RPM_L=108 RPM_R=103 CMD_L=30 CMD_R=30 THROTTLE=30 STEER=0
15500 INFO TEMP_C=34.4 SUPPLY_V=5.97 RPM_L=108 RPM_R=104 CMD_L=30 CMD_R=30 THROTTLE=30 STEER=0
16000 INFO TEMP_C=34.5 SUPPLY_V=5.97 RPM_L=109 RPM_R=104 CMD_L=30 CMD_R=30 THROTTLE=30 STEER=0
16500 INFO TEMP_C=34.6 SUPPLY_V=5.97 RPM_L=109 RPM_R=105 CMD_L=30 CMD_R=30 THROTTLE=30 STEER=0
17000 WARN EVENT=MOTOR_SPEED_MISMATCH RPM_L=249 RPM_R=159 CMD_L=70 CMD_R=70
17000 INFO TEMP_C=34.6 SUPPLY_V=5.97 RPM_L=249 RPM_R=159 CMD_L=70 CMD_R=70 THROTTLE=70 STEER=0
17500 INFO TEMP_C=34.7 SUPPLY_V=5.97 RPM_L=248 RPM_R=157 CMD_L=70 CMD_R=70 THROTTLE=70 STEER=0
18000 INFO TEMP_C=34.8 SUPPLY_V=5.97 RPM_L=247 RPM_R=156 CMD_L=70 CMD_R=70 THROTTLE=70 STEER=0
18500 INFO TEMP_C=34.8 SUPPLY_V=5.97 RPM_L=247 RPM_R=157 CMD_L=70 CMD_R=70 THROTTLE=70 STEER=0
19000 INFO TEMP_C=34.9 SUPPLY_V=5.97 RPM_L=248 RPM_R=158 CMD_L=70 CMD_R=70 THROTTLE=70 STEER=0
19500 INFO EVENT=MOTOR_SPEED_MATCHED RPM_L=247 RPM_R=243 CMD_L=70 CMD_R=70
19500 INFO TEMP_C=34.9 SUPPLY_V=5.97 RPM_L=249 RPM_R=243 CMD_L=70 CMD_R=70 THROTTLE=70 STEER=0
20000 INFO TEMP_C=35.0 SUPPLY_V=5.97 RPM_L=107 RPM_R=107 CMD_L=30 CMD_R=30 THROTTLE=30 STEER=0
20500 INFO TEMP_C=35.0 SUPPLY_V=5.97 RPM_L=106 RPM_R=107 CMD_L=30 CMD_R=30 THROTTLE=30 STEER=0
21000 INFO TEMP_C=35.0 SUPPLY_V=5.96 RPM_L=106 RPM_R=106 CMD_L=30 CMD_R=30 THROTTLE=30 STEER=0
21500 INFO TEMP_C=35.1 SUPPLY_V=5.96 RPM_L=105 RPM_R=106 CMD_L=30 CMD_R=30 THROTTLE=30 STEER=0
22000 INFO TEMP_C=35.1 SUPPLY_V=5.96 RPM_L=104 RPM_R=106 CMD_L=30 CMD_R=30 THROTTLE=30 STEER=0
22500 INFO TEMP_C=35.1 SUPPLY_V=5.96 RPM_L=104 RPM_R=105 CMD_L=30 CMD_R=30 THROTTLE=30 STEER=0
23000 INFO TEMP_C=35.1 SUPPLY_V=5.96 RPM_L=103 RPM_R=105 CMD_L=30 CMD_R=30 THROTTLE=30 STEER=0
23500 INFO TEMP_C=35.2 SUPPLY_V=5.96 RPM_L=103 RPM_R=104 CMD_L=30 CMD_R=30 THROTTLE=30 STEER=0
24000 WARN EVENT=HIGH_TEMPERATURE TEMP_C=80.5
24000 INFO TEMP_C=80.5 SUPPLY_V=5.96 RPM_L=103 RPM_R=103 CMD_L=30 CMD_R=30 THROTTLE=30 STEER=0
24500 INFO TEMP_C=81.2 SUPPLY_V=5.96 RPM_L=103 RPM_R=103 CMD_L=30 CMD_R=30 THROTTLE=30 STEER=0
25000 INFO TEMP_C=81.9 SUPPLY_V=5.96 RPM_L=103 RPM_R=102 CMD_L=30 CMD_R=30 THROTTLE=30 STEER=0
25500 INFO TEMP_C=82.6 SUPPLY_V=5.96 RPM_L=104 RPM_R=102 CMD_L=30 CMD_R=30 THROTTLE=30 STEER=0
26000 INFO TEMP_C=83.3 SUPPLY_V=5.96 RPM_L=104 RPM_R=101 CMD_L=30 CMD_R=30 THROTTLE=30 STEER=0
26500 INFO TEMP_C=84.0 SUPPLY_V=5.96 RPM_L=105 RPM_R=101 CMD_L=30 CMD_R=30 THROTTLE=30 STEER=0
27000 INFO TEMP_C=84.7 SUPPLY_V=5.96 RPM_L=105 RPM_R=101 CMD_L=30 CMD_R=30 THROTTLE=30 STEER=0
27500 INFO TEMP_C=85.4 SUPPLY_V=5.96 RPM_L=106 RPM_R=101 CMD_L=30 CMD_R=30 THROTTLE=30 STEER=0
28000 INFO EVENT=TEMPERATURE_NORMAL TEMP_C=74.0
28000 INFO TEMP_C=74.0 SUPPLY_V=5.95 RPM_L=106 RPM_R=101 CMD_L=30 CMD_R=30 THROTTLE=30 STEER=0
28500 INFO TEMP_C=35.3 SUPPLY_V=5.95 RPM_L=107 RPM_R=101 CMD_L=30 CMD_R=30 THROTTLE=30 STEER=0
28501 INFO TEMP_C=42.0 SUPPLY_V=5.90 RPM_L=190 CMD_L=55 CMD_R=55 THROTTLE=55 STEER=0
29000 INFO TEMP_C=35.3 SUPPLY_V=5.95 RPM_L=108 RPM_R=101 CMD_L=30 CMD_R=30 THROTTLE=30 STEER=0
29500 INFO TEMP_C=35.2 SUPPLY_V=5.95 RPM_L=108 RPM_R=102 CMD_L=30 CMD_R=30 THROTTLE=30 STEER=0
30000 INFO TEMP_C=35.2 SUPPLY_V=5.93 RPM_L=197 RPM_R=189 CMD_L=55 CMD_R=55 THROTTLE=55 STEER=0
30500 INFO TEMP_C=35.2 SUPPLY_V=5.93 RPM_L=198 RPM_R=190 CMD_L=55 CMD_R=55 THROTTLE=55 STEER=0
31000 INFO TEMP_C=35.2 SUPPLY_V=5.93 RPM_L=198 RPM_R=190 CMD_L=55 CMD_R=55 THROTTLE=55 STEER=0
31500 INFO TEMP_C=35.2 SUPPLY_V=5.93 RPM_L=198 RPM_R=191 CMD_L=55 CMD_R=55 THROTTLE=55 STEER=0
32000 INFO TEMP_C=35.2 SUPPLY_V=5.93 RPM_L=198 RPM_R=192 CMD_L=55 CMD_R=55 THROTTLE=55 STEER=0
32500 INFO TEMP_C=35.2 SUPPLY_V=5.93 RPM_L=197 RPM_R=192 CMD_L=55 CMD_R=55 THROTTLE=55 STEER=0
33000 INFO TEMP_C=35.2 SUPPLY_V=5.93 RPM_L=197 RPM_R=193 CMD_L=55 CMD_R=55 THROTTLE=55 STEER=0
33500 INFO TEMP_C=35.2 SUPPLY_V=5.94 RPM_L=196 RPM_R=193 CMD_L=55 CMD_R=55 THROTTLE=55 STEER=0
34000 INFO TEMP_C=35.2 SUPPLY_V=5.94 RPM_L=196 RPM_R=193 CMD_L=55 CMD_R=55 THROTTLE=55 STEER=0
34500 INFO TEMP_C=35.1 SUPPLY_V=5.94 RPM_L=195 RPM_R=194 CMD_L=55 CMD_R=55 THROTTLE=55 STEER=0
35000 INFO TEMP_C=35.1 SUPPLY_V=5.94 RPM_L=194 RPM_R=194 CMD_L=55 CMD_R=55 THROTTLE=55 STEER=0
35500 INFO TEMP_C=35.1 SUPPLY_V=5.94 RPM_L=194 RPM_R=194 CMD_L=55 CMD_R=55 THROTTLE=55 STEER=0
36000 INFO TEMP_C=35.1 SUPPLY_V=5.94 RPM_L=193 RPM_R=194 CMD_L=55 CMD_R=55 THROTTLE=55 STEER=0
36500 INFO TEMP_C=35.1 SUPPLY_V=5.94 RPM_L=192 RPM_R=194 CMD_L=55 CMD_R=55 THROTTLE=55 STEER=0
37000 INFO TEMP_C=35.1 SUPPLY_V=5.94 RPM_L=192 RPM_R=193 CMD_L=55 CMD_R=55 THROTTLE=55 STEER=0
37500 INFO TEMP_C=35.1 SUPPLY_V=5.94 RPM_L=192 RPM_R=193 CMD_L=55 CMD_R=55 THROTTLE=55 STEER=0
38000 INFO TEMP_C=35.1 SUPPLY_V=5.94 RPM_L=192 RPM_R=192 CMD_L=55 CMD_R=55 THROTTLE=55 STEER=0
38500 INFO TEMP_C=35.1 SUPPLY_V=5.94 RPM_L=192 RPM_R=192 CMD_L=55 CMD_R=55 THROTTLE=55 STEER=0
39000 INFO TEMP_C=35.1 SUPPLY_V=5.94 RPM_L=192 RPM_R=191 CMD_L=55 CMD_R=55 THROTTLE=55 STEER=0
39500 INFO TEMP_C=35.0 SUPPLY_V=5.94 RPM_L=192 RPM_R=191 CMD_L=55 CMD_R=55 THROTTLE=55 STEER=0
39501 INFO TEMP_C=44.0 SUPPLY_V=5.89 RPM_L=180 RPM_R=178 CMD_L=50 CMD_R=50 THROTTLE=50
40000 INFO TEMP_C=35.0 SUPPLY_V=5.94 RPM_L=193 RPM_R=190 CMD_L=55 CMD_R=55 THROTTLE=55 STEER=0
40500 INFO TEMP_C=35.0 SUPPLY_V=5.95 RPM_L=193 RPM_R=189 CMD_L=55 CMD_R=55 THROTTLE=55 STEER=0
41000 INFO TEMP_C=35.0 SUPPLY_V=5.95 RPM_L=194 RPM_R=189 CMD_L=55 CMD_R=55 THROTTLE=55 STEER=0
41500 INFO TEMP_C=35.0 SUPPLY_V=5.95 RPM_L=195 RPM_R=189 CMD_L=55 CMD_R=55 THROTTLE=55 STEER=0
42000 INFO TEMP_C=35.0 SUPPLY_V=5.95 RPM_L=195 RPM_R=188 CMD_L=55 CMD_R=55 THROTTLE=55 STEER=0
42500 INFO TEMP_C=35.0 SUPPLY_V=5.95 RPM_L=196 RPM_R=188 CMD_L=55 CMD_R=55 THROTTLE=55 STEER=0
43000 WARN EVENT=LOW_SUPPLY SUPPLY_V=5.29
43000 INFO TEMP_C=35.0 SUPPLY_V=5.29 RPM_L=197 RPM_R=188 CMD_L=55 CMD_R=55 THROTTLE=55 STEER=0
43500 INFO TEMP_C=35.1 SUPPLY_V=5.28 RPM_L=197 RPM_R=188 CMD_L=55 CMD_R=55 THROTTLE=55 STEER=0
44000 INFO TEMP_C=35.1 SUPPLY_V=5.30 RPM_L=197 RPM_R=188 CMD_L=55 CMD_R=55 THROTTLE=55 STEER=0
44500 INFO TEMP_C=35.1 SUPPLY_V=5.32 RPM_L=198 RPM_R=188 CMD_L=55 CMD_R=55 THROTTLE=55 STEER=0
45000 INFO TEMP_C=35.1 SUPPLY_V=5.30 RPM_L=251 RPM_R=241 CMD_L=70 CMD_R=70 THROTTLE=70 STEER=0
45500 INFO TEMP_C=35.1 SUPPLY_V=5.28 RPM_L=251 RPM_R=241 CMD_L=70 CMD_R=70 THROTTLE=70 STEER=0
46000 INFO EVENT=SUPPLY_NORMAL SUPPLY_V=5.86
46000 INFO TEMP_C=35.1 SUPPLY_V=5.86 RPM_L=251 RPM_R=242 CMD_L=70 CMD_R=70 THROTTLE=70 STEER=0
46500 INFO TEMP_C=35.2 SUPPLY_V=5.94 RPM_L=250 RPM_R=242 CMD_L=70 CMD_R=70 THROTTLE=70 STEER=0
47000 INFO TEMP_C=35.2 SUPPLY_V=5.94 RPM_L=250 RPM_R=243 CMD_L=70 CMD_R=70 THROTTLE=70 STEER=0
47500 INFO TEMP_C=35.2 SUPPLY_V=5.94 RPM_L=249 RPM_R=244 CMD_L=70 CMD_R=70 THROTTLE=70 STEER=0
48000 INFO TEMP_C=35.3 SUPPLY_V=5.94 RPM_L=249 RPM_R=244 CMD_L=70 CMD_R=70 THROTTLE=70 STEER=0
48500 INFO TEMP_C=35.3 SUPPLY_V=5.95 RPM_L=248 RPM_R=245 CMD_L=70 CMD_R=70 THROTTLE=70 STEER=0
49000 INFO TEMP_C=35.3 SUPPLY_V=5.95 RPM_L=247 RPM_R=245 CMD_L=70 CMD_R=70 THROTTLE=70 STEER=0
49500 INFO TEMP_C=35.4 SUPPLY_V=5.95 RPM_L=247 RPM_R=246 CMD_L=70 CMD_R=70 THROTTLE=70 STEER=0
50000 INFO TEMP_C=35.4 SUPPLY_V=5.95 RPM_L=246 RPM_R=246 CMD_L=70 CMD_R=70 THROTTLE=70 STEER=0
50500 INFO TEMP_C=35.5 SUPPLY_V=5.95 RPM_L=246 RPM_R=246 CMD_L=70 CMD_R=70 THROTTLE=70 STEER=0
51000 INFO TEMP_C=35.5 SUPPLY_V=5.95 RPM_L=245 RPM_R=246 CMD_L=70 CMD_R=70 THROTTLE=70 STEER=0
51500 INFO TEMP_C=35.6 SUPPLY_V=5.95 RPM_L=245 RPM_R=246 CMD_L=70 CMD_R=70 THROTTLE=70 STEER=0
51501 INFO TEMP_C=46.0 SUPPLY_V=5.88 RPM_L=175 RPM_R=173 CMD_L=48 CMD_R=48 THROTTLE=48 STEER=0 RPM_L=176
52000 INFO TEMP_C=35.6 SUPPLY_V=5.95 RPM_L=245 RPM_R=246 CMD_L=70 CMD_R=70 THROTTLE=70 STEER=0
52500 INFO TEMP_C=35.7 SUPPLY_V=5.95 RPM_L=245 RPM_R=246 CMD_L=70 CMD_R=70 THROTTLE=70 STEER=0
53000 INFO TEMP_C=35.8 SUPPLY_V=5.95 RPM_L=245 RPM_R=245 CMD_L=70 CMD_R=70 THROTTLE=70 STEER=0
53500 INFO TEMP_C=35.8 SUPPLY_V=5.95 RPM_L=246 RPM_R=245 CMD_L=70 CMD_R=70 THROTTLE=70 STEER=0
54000 INFO TEMP_C=35.9 SUPPLY_V=5.94 RPM_L=246 RPM_R=244 CMD_L=70 CMD_R=70 THROTTLE=70 STEER=0
54500 INFO TEMP_C=36.0 SUPPLY_V=5.94 RPM_L=247 RPM_R=244 CMD_L=70 CMD_R=70 THROTTLE=70 STEER=0
55000 INFO TEMP_C=36.1 SUPPLY_V=5.94 RPM_L=248 RPM_R=243 CMD_L=70 CMD_R=70 THROTTLE=70 STEER=0
55500 INFO TEMP_C=36.1 SUPPLY_V=5.94 RPM_L=248 RPM_R=242 CMD_L=70 CMD_R=70 THROTTLE=70 STEER=0
56000 INFO TEMP_C=36.2 SUPPLY_V=5.94 RPM_L=249 RPM_R=242 CMD_L=70 CMD_R=70 THROTTLE=70 STEER=0
56500 INFO TEMP_C=36.3 SUPPLY_V=5.94 RPM_L=250 RPM_R=241 CMD_L=70 CMD_R=70 THROTTLE=70 STEER=0
57000 INFO TEMP_C=36.4 SUPPLY_V=5.94 RPM_L=250 RPM_R=241 CMD_L=70 CMD_R=70 THROTTLE=70 STEER=0
57500 INFO TEMP_C=36.5 SUPPLY_V=5.94 RPM_L=251 RPM_R=241 CMD_L=70 CMD_R=70 THROTTLE=70 STEER=0
58000 WARN EVENT=MOTOR_SPEED_MISMATCH RPM_L=248 RPM_R=158 CMD_L=70 CMD_R=70
58000 INFO TEMP_C=36.6 SUPPLY_V=5.94 RPM_L=248 RPM_R=158 CMD_L=70 CMD_R=70 THROTTLE=70 STEER=0
58500 INFO TEMP_C=36.7 SUPPLY_V=5.94 RPM_L=247 RPM_R=156 CMD_L=70 CMD_R=70 THROTTLE=70 STEER=0
59000 INFO TEMP_C=36.8 SUPPLY_V=5.94 RPM_L=247 RPM_R=156 CMD_L=70 CMD_R=70 THROTTLE=70 STEER=0
59500 INFO TEMP_C=36.9 SUPPLY_V=5.94 RPM_L=248 RPM_R=157 CMD_L=70 CMD_R=70 THROTTLE=70 STEER=0
60000 INFO TEMP_C=37.0 SUPPLY_V=5.94 RPM_L=249 RPM_R=159 CMD_L=70 CMD_R=70 THROTTLE=70 STEER=0
60500 INFO EVENT=MOTOR_SPEED_MATCHED RPM_L=247 RPM_R=243 CMD_L=70 CMD_R=70
60500 INFO TEMP_C=37.1 SUPPLY_V=5.94 RPM_L=249 RPM_R=243 CMD_L=70 CMD_R=70 THROTTLE=70 STEER=0
61000 INFO TEMP_C=37.2 SUPPLY_V=5.94 RPM_L=278 RPM_R=144 CMD_L=78 CMD_R=42 THROTTLE=60 STEER=18
61500 INFO TEMP_C=37.4 SUPPLY_V=5.94 RPM_L=277 RPM_R=144 CMD_L=78 CMD_R=42 THROTTLE=60 STEER=18
62000 INFO TEMP_C=37.5 SUPPLY_V=5.94 RPM_L=277 RPM_R=145 CMD_L=78 CMD_R=42 THROTTLE=60 STEER=18
62500 INFO TEMP_C=37.6 SUPPLY_V=5.94 RPM_L=276 RPM_R=145 CMD_L=78 CMD_R=42 THROTTLE=60 STEER=18
63000 INFO TEMP_C=37.7 SUPPLY_V=5.94 RPM_L=275 RPM_R=146 CMD_L=78 CMD_R=42 THROTTLE=60 STEER=18
63500 INFO TEMP_C=37.8 SUPPLY_V=5.94 RPM_L=275 RPM_R=146 CMD_L=78 CMD_R=42 THROTTLE=60 STEER=18
64000 INFO TEMP_C=38.0 SUPPLY_V=5.94 RPM_L=274 RPM_R=147 CMD_L=78 CMD_R=42 THROTTLE=60 STEER=18
64500 INFO TEMP_C=38.1 SUPPLY_V=5.94 RPM_L=274 RPM_R=148 CMD_L=78 CMD_R=42 THROTTLE=60 STEER=18
65000 INFO TEMP_C=38.2 SUPPLY_V=5.94 RPM_L=274 RPM_R=148 CMD_L=78 CMD_R=42 THROTTLE=60 STEER=18
65500 INFO TEMP_C=38.3 SUPPLY_V=5.93 RPM_L=273 RPM_R=148 CMD_L=78 CMD_R=42 THROTTLE=60 STEER=18
66000 INFO TEMP_C=38.5 SUPPLY_V=5.93 RPM_L=273 RPM_R=149 CMD_L=78 CMD_R=42 THROTTLE=60 STEER=18
66500 INFO TEMP_C=38.6 SUPPLY_V=5.93 RPM_L=274 RPM_R=149 CMD_L=78 CMD_R=42 THROTTLE=60 STEER=18
67000 INFO TEMP_C=38.7 SUPPLY_V=5.93 RPM_L=274 RPM_R=149 CMD_L=78 CMD_R=42 THROTTLE=60 STEER=18
67500 INFO TEMP_C=38.9 SUPPLY_V=5.93 RPM_L=274 RPM_R=149 CMD_L=78 CMD_R=42 THROTTLE=60 STEER=18
67501 WARN TEMP_C=82.0
68000 INFO TEMP_C=39.0 SUPPLY_V=5.93 RPM_L=275 RPM_R=148 CMD_L=78 CMD_R=42 THROTTLE=60 STEER=18
68500 INFO TEMP_C=39.1 SUPPLY_V=5.93 RPM_L=276 RPM_R=148 CMD_L=78 CMD_R=42 THROTTLE=60 STEER=18
69000 INFO TEMP_C=39.3 SUPPLY_V=5.93 RPM_L=276 RPM_R=148 CMD_L=78 CMD_R=42 THROTTLE=60 STEER=18
69500 INFO TEMP_C=39.4 SUPPLY_V=5.93 RPM_L=277 RPM_R=147 CMD_L=78 CMD_R=42 THROTTLE=60 STEER=18
70000 INFO TEMP_C=39.5 SUPPLY_V=5.93 RPM_L=278 RPM_R=146 CMD_L=78 CMD_R=42 THROTTLE=60 STEER=18
70500 INFO TEMP_C=39.7 SUPPLY_V=5.93 RPM_L=278 RPM_R=146 CMD_L=78 CMD_R=42 THROTTLE=60 STEER=18
71000 INFO TEMP_C=39.8 SUPPLY_V=5.93 RPM_L=279 RPM_R=145 CMD_L=78 CMD_R=42 THROTTLE=60 STEER=18
71500 INFO TEMP_C=39.9 SUPPLY_V=5.93 RPM_L=279 RPM_R=145 CMD_L=78 CMD_R=42 THROTTLE=60 STEER=18
72000 WARN EVENT=HIGH_TEMPERATURE TEMP_C=80.5
72000 INFO TEMP_C=80.5 SUPPLY_V=5.93 RPM_L=279 RPM_R=144 CMD_L=78 CMD_R=42 THROTTLE=60 STEER=18
72500 INFO TEMP_C=81.2 SUPPLY_V=5.93 RPM_L=279 RPM_R=144 CMD_L=78 CMD_R=42 THROTTLE=60 STEER=18
73000 INFO TEMP_C=81.9 SUPPLY_V=5.93 RPM_L=279 RPM_R=143 CMD_L=78 CMD_R=42 THROTTLE=60 STEER=18
73500 INFO TEMP_C=82.6 SUPPLY_V=5.93 RPM_L=279 RPM_R=143 CMD_L=78 CMD_R=42 THROTTLE=60 STEER=18
74000 INFO TEMP_C=83.3 SUPPLY_V=5.93 RPM_L=279 RPM_R=143 CMD_L=78 CMD_R=42 THROTTLE=60 STEER=18
74500 INFO TEMP_C=84.0 SUPPLY_V=5.93 RPM_L=278 RPM_R=143 CMD_L=78 CMD_R=42 THROTTLE=60 STEER=18
75000 INFO TEMP_C=84.7 SUPPLY_V=5.94 RPM_L=107 RPM_R=205 CMD_L=30 CMD_R=60 THROTTLE=45 STEER=-15
75500 INFO TEMP_C=85.4 SUPPLY_V=5.94 RPM_L=107 RPM_R=205 CMD_L=30 CMD_R=60 THROTTLE=45 STEER=-15
76000 INFO EVENT=TEMPERATURE_NORMAL TEMP_C=74.0
76000 INFO TEMP_C=74.0 SUPPLY_V=5.94 RPM_L=106 RPM_R=206 CMD_L=30 CMD_R=60 THROTTLE=45 STEER=-15
76500 INFO TEMP_C=41.2 SUPPLY_V=5.95 RPM_L=105 RPM_R=206 CMD_L=30 CMD_R=60 THROTTLE=45 STEER=-15
77000 INFO TEMP_C=41.3 SUPPLY_V=5.95 RPM_L=105 RPM_R=207 CMD_L=30 CMD_R=60 THROTTLE=45 STEER=-15
77500 INFO TEMP_C=41.4 SUPPLY_V=5.95 RPM_L=104 RPM_R=207 CMD_L=30 CMD_R=60 THROTTLE=45 STEER=-15
78000 INFO TEMP_C=41.5 SUPPLY_V=5.95 RPM_L=104 RPM_R=208 CMD_L=30 CMD_R=60 THROTTLE=45 STEER=-15
78500 INFO TEMP_C=41.6 SUPPLY_V=5.95 RPM_L=103 RPM_R=208 CMD_L=30 CMD_R=60 THROTTLE=45 STEER=-15
78501 ERROR RPM_R=0 CMD_R=75
79000 INFO TEMP_C=41.7 SUPPLY_V=5.95 RPM_L=103 RPM_R=209 CMD_L=30 CMD_R=60 THROTTLE=45 STEER=-15
79500 INFO TEMP_C=41.8 SUPPLY_V=5.95 RPM_L=103 RPM_R=209 CMD_L=30 CMD_R=60 THROTTLE=45 STEER=-15
80000 INFO TEMP_C=41.9 SUPPLY_V=5.95 RPM_L=103 RPM_R=210 CMD_L=30 CMD_R=60 THROTTLE=45 STEER=-15
80500 INFO TEMP_C=42.0 SUPPLY_V=5.95 RPM_L=103 RPM_R=210 CMD_L=30 CMD_R=60 THROTTLE=45 STEER=-15
81000 INFO TEMP_C=42.1 SUPPLY_V=5.95 RPM_L=104 RPM_R=211 CMD_L=30 CMD_R=60 THROTTLE=45 STEER=-15
81500 INFO TEMP_C=42.2 SUPPLY_V=5.95 RPM_L=104 RPM_R=211 CMD_L=30 CMD_R=60 THROTTLE=45 STEER=-15
82000 INFO TEMP_C=42.3 SUPPLY_V=5.95 RPM_L=105 RPM_R=211 CMD_L=30 CMD_R=60 THROTTLE=45 STEER=-15
82500 INFO TEMP_C=42.4 SUPPLY_V=5.96 RPM_L=105 RPM_R=211 CMD_L=30 CMD_R=60 THROTTLE=45 STEER=-15
83000 ERROR EVENT=MOTOR_STALL SIDE=RIGHT RPM_R=0 CMD_R=75
83000 INFO TEMP_C=42.5 SUPPLY_V=5.40 RPM_L=255 RPM_R=0 CMD_L=75 CMD_R=75 THROTTLE=75 STEER=0
83500 INFO TEMP_C=42.6 SUPPLY_V=5.40 RPM_L=255 RPM_R=0 CMD_L=75 CMD_R=75 THROTTLE=75 STEER=0
84000 INFO TEMP_C=42.6 SUPPLY_V=5.40 RPM_L=255 RPM_R=0 CMD_L=75 CMD_R=75 THROTTLE=75 STEER=0
84500 INFO TEMP_C=42.7 SUPPLY_V=5.40 RPM_L=255 RPM_R=0 CMD_L=75 CMD_R=75 THROTTLE=75 STEER=0
85000 INFO EVENT=MOTOR_RECOVERED SIDE=RIGHT
85000 INFO TEMP_C=42.8 SUPPLY_V=5.40 RPM_L=255 RPM_R=245 CMD_L=75 CMD_R=75 THROTTLE=75 STEER=0
85500 INFO TEMP_C=42.9 SUPPLY_V=5.96 RPM_L=109 RPM_R=209 CMD_L=30 CMD_R=60 THROTTLE=45 STEER=-15
86000 INFO TEMP_C=42.9 SUPPLY_V=5.96 RPM_L=109 RPM_R=209 CMD_L=30 CMD_R=60 THROTTLE=45 STEER=-15
86500 INFO TEMP_C=43.0 SUPPLY_V=5.96 RPM_L=109 RPM_R=208 CMD_L=30 CMD_R=60 THROTTLE=45 STEER=-15
87000 INFO TEMP_C=43.0 SUPPLY_V=5.96 RPM_L=109 RPM_R=208 CMD_L=30 CMD_R=60 THROTTLE=45 STEER=-15
87500 INFO TEMP_C=43.1 SUPPLY_V=5.96 RPM_L=109 RPM_R=207 CMD_L=30 CMD_R=60 THROTTLE=45 STEER=-15
88000 INFO TEMP_C=43.1 SUPPLY_V=5.96 RPM_L=108 RPM_R=207 CMD_L=30 CMD_R=60 THROTTLE=45 STEER=-15
88500 INFO TEMP_C=43.2 SUPPLY_V=5.96 RPM_L=108 RPM_R=206 CMD_L=30 CMD_R=60 THROTTLE=45 STEER=-15
89000 INFO TEMP_C=43.2 SUPPLY_V=5.96 RPM_L=107 RPM_R=206 CMD_L=30 CMD_R=60 THROTTLE=45 STEER=-15
89500 INFO TEMP_C=43.3 SUPPLY_V=5.97 RPM_L=106 RPM_R=205 CMD_L=30 CMD_R=60 THROTTLE=45 STEER=-15
90000 INFO TEMP_C=43.3 SUPPLY_V=5.98 RPM_L=106 RPM_R=101 CMD_L=-30 CMD_R=-30 THROTTLE=-30 STEER=0
90500 INFO TEMP_C=43.3 SUPPLY_V=5.98 RPM_L=105 RPM_R=101 CMD_L=-30 CMD_R=-30 THROTTLE=-30 STEER=0
91000 INFO TEMP_C=43.4 SUPPLY_V=5.98 RPM_L=105 RPM_R=101 CMD_L=-30 CMD_R=-30 THROTTLE=-30 STEER=0
91500 INFO TEMP_C=43.4 SUPPLY_V=5.98 RPM_L=104 RPM_R=101 CMD_L=-30 CMD_R=-30 THROTTLE=-30 STEER=0
92000 INFO TEMP_C=43.4 SUPPLY_V=5.98 RPM_L=104 RPM_R=102 CMD_L=-30 CMD_R=-30 THROTTLE=-30 STEER=0
92500 INFO TEMP_C=43.5 SUPPLY_V=5.98 RPM_L=103 RPM_R=102 CMD_L=-30 CMD_R=-30 THROTTLE=-30 STEER=0
92501 INFO TEMP_C=50.0 SUPPLY_V=5.87 RPM_L=150 RPM_R=148 CMD_L=40 CMD_R=40 THROTTLE=40 STEER
93000 INFO TEMP_C=43.5 SUPPLY_V=5.98 RPM_L=103 RPM_R=102 CMD_L=-30 CMD_R=-30 THROTTLE=-30 STEER=0
93500 INFO TEMP_C=43.5 SUPPLY_V=5.98 RPM_L=103 RPM_R=103 CMD_L=-30 CMD_R=-30 THROTTLE=-30 STEER=0
94000 INFO TEMP_C=43.5 SUPPLY_V=5.98 RPM_L=103 RPM_R=104 CMD_L=-30 CMD_R=-30 THROTTLE=-30 STEER=0
94500 INFO TEMP_C=43.5 SUPPLY_V=5.98 RPM_L=103 RPM_R=104 CMD_L=-30 CMD_R=-30 THROTTLE=-30 STEER=0
95000 INFO TEMP_C=43.5 SUPPLY_V=5.98 RPM_L=104 RPM_R=105 CMD_L=-30 CMD_R=-30 THROTTLE=-30 STEER=0
95500 INFO TEMP_C=43.5 SUPPLY_V=5.98 RPM_L=104 RPM_R=105 CMD_L=-30 CMD_R=-30 THROTTLE=-30 STEER=0
96000 INFO TEMP_C=43.5 SUPPLY_V=5.98 RPM_L=105 RPM_R=106 CMD_L=-30 CMD_R=-30 THROTTLE=-30 STEER=0
96500 INFO TEMP_C=43.6 SUPPLY_V=5.98 RPM_L=106 RPM_R=106 CMD_L=-30 CMD_R=-30 THROTTLE=-30 STEER=0
97000 INFO TEMP_C=43.6 SUPPLY_V=5.97 RPM_L=106 RPM_R=107 CMD_L=-30 CMD_R=-30 THROTTLE=-30 STEER=0
97500 INFO TEMP_C=43.6 SUPPLY_V=5.97 RPM_L=107 RPM_R=107 CMD_L=-30 CMD_R=-30 THROTTLE=-30 STEER=0
98000 WARN EVENT=LOW_SUPPLY SUPPLY_V=5.29
98000 INFO TEMP_C=43.5 SUPPLY_V=5.29 RPM_L=108 RPM_R=107 CMD_L=-30 CMD_R=-30 THROTTLE=-30 STEER=0
98500 INFO TEMP_C=43.5 SUPPLY_V=5.28 RPM_L=108 RPM_R=107 CMD_L=-30 CMD_R=-30 THROTTLE=-30 STEER=0
99000 INFO TEMP_C=43.5 SUPPLY_V=5.30 RPM_L=109 RPM_R=107 CMD_L=-30 CMD_R=-30 THROTTLE=-30 STEER=0
99500 INFO TEMP_C=43.5 SUPPLY_V=5.32 RPM_L=109 RPM_R=106 CMD_L=-30 CMD_R=-30 THROTTLE=-30 STEER=0
100000 INFO TEMP_C=43.5 SUPPLY_V=5.30 RPM_L=109 RPM_R=106 CMD_L=-30 CMD_R=-30 THROTTLE=-30 STEER=0
100500 INFO TEMP_C=43.5 SUPPLY_V=5.28 RPM_L=109 RPM_R=106 CMD_L=-30 CMD_R=-30 THROTTLE=-30 STEER=0
101000 INFO EVENT=SUPPLY_NORMAL SUPPLY_V=5.86
101000 INFO TEMP_C=43.5 SUPPLY_V=5.86 RPM_L=109 RPM_R=105 CMD_L=-30 CMD_R=-30 THROTTLE=-30 STEER=0
101500 INFO TEMP_C=43.5 SUPPLY_V=5.97 RPM_L=109 RPM_R=105 CMD_L=-30 CMD_R=-30 THROTTLE=-30 STEER=0
102000 INFO TEMP_C=43.5 SUPPLY_V=5.97 RPM_L=108 RPM_R=104 CMD_L=-30 CMD_R=-30 THROTTLE=-30 STEER=0
102500 INFO TEMP_C=43.5 SUPPLY_V=5.97 RPM_L=108 RPM_R=103 CMD_L=-30 CMD_R=-30 THROTTLE=-30 STEER=0
103000 INFO TEMP_C=43.5 SUPPLY_V=5.96 RPM_L=107 RPM_R=103 CMD_L=-30 CMD_R=-30 THROTTLE=-30 STEER=0
103500 INFO TEMP_C=43.4 SUPPLY_V=5.96 RPM_L=106 RPM_R=102 CMD_L=-30 CMD_R=-30 THROTTLE=-30 STEER=0
104000 INFO TEMP_C=43.4 SUPPLY_V=5.96 RPM_L=106 RPM_R=102 CMD_L=-30 CMD_R=-30 THROTTLE=-30 STEER=0
104500 INFO TEMP_C=43.4 SUPPLY_V=5.96 RPM_L=105 RPM_R=101 CMD_L=-30 CMD_R=-30 THROTTLE=-30 STEER=0
105000 INFO TEMP_C=43.4 SUPPLY_V=5.94 RPM_L=193 RPM_R=188 CMD_L=-55 CMD_R=-55 THROTTLE=-55 STEER=0
105500 INFO TEMP_C=43.4 SUPPLY_V=5.94 RPM_L=193 RPM_R=188 CMD_L=-55 CMD_R=-55 THROTTLE=-55 STEER=0
106000 INFO TEMP_C=43.4 SUPPLY_V=5.94 RPM_L=192 RPM_R=188 CMD_L=-55 CMD_R=-55 THROTTLE=-55 STEER=0
106500 INFO TEMP_C=43.4 SUPPLY_V=5.94 RPM_L=192 RPM_R=188 CMD_L=-55 CMD_R=-55 THROTTLE=-55 STEER=0
107000 INFO TEMP_C=43.4 SUPPLY_V=5.94 RPM_L=192 RPM_R=188 CMD_L=-55 CMD_R=-55 THROTTLE=-55 STEER=0
107500 INFO TEMP_C=43.4 SUPPLY_V=5.94 RPM_L=192 RPM_R=188 CMD_L=-55 CMD_R=-55 THROTTLE=-55 STEER=0
THIS IS NOT A VEHICLE TELEMETRY LINE
108000 INFO TEMP_C=43.3 SUPPLY_V=5.94 RPM_L=192 RPM_R=189 CMD_L=-55 CMD_R=-55 THROTTLE=-55 STEER=0
108500 INFO TEMP_C=43.3 SUPPLY_V=5.94 RPM_L=192 RPM_R=189 CMD_L=-55 CMD_R=-55 THROTTLE=-55 STEER=0
109000 INFO TEMP_C=43.3 SUPPLY_V=5.94 RPM_L=193 RPM_R=190 CMD_L=-55 CMD_R=-55 THROTTLE=-55 STEER=0
109500 INFO TEMP_C=43.3 SUPPLY_V=5.94 RPM_L=193 RPM_R=190 CMD_L=-55 CMD_R=-55 THROTTLE=-55 STEER=0
110000 INFO TEMP_C=43.3 SUPPLY_V=5.93 RPM_L=194 RPM_R=191 CMD_L=-55 CMD_R=-55 THROTTLE=-55 STEER=0
110500 INFO TEMP_C=43.3 SUPPLY_V=5.93 RPM_L=195 RPM_R=192 CMD_L=-55 CMD_R=-55 THROTTLE=-55 STEER=0
111000 INFO TEMP_C=43.3 SUPPLY_V=5.93 RPM_L=195 RPM_R=192 CMD_L=-55 CMD_R=-55 THROTTLE=-55 STEER=0
111500 INFO TEMP_C=43.3 SUPPLY_V=5.93 RPM_L=196 RPM_R=193 CMD_L=-55 CMD_R=-55 THROTTLE=-55 STEER=0
112000 INFO TEMP_C=43.3 SUPPLY_V=5.93 RPM_L=197 RPM_R=193 CMD_L=-55 CMD_R=-55 THROTTLE=-55 STEER=0
112500 INFO TEMP_C=43.3 SUPPLY_V=5.93 RPM_L=197 RPM_R=193 CMD_L=-55 CMD_R=-55 THROTTLE=-55 STEER=0
113000 INFO TEMP_C=43.4 SUPPLY_V=5.93 RPM_L=197 RPM_R=194 CMD_L=-55 CMD_R=-55 THROTTLE=-55 STEER=0
113500 INFO TEMP_C=43.4 SUPPLY_V=5.93 RPM_L=198 RPM_R=194 CMD_L=-55 CMD_R=-55 THROTTLE=-55 STEER=0
114000 INFO TEMP_C=43.4 SUPPLY_V=5.93 RPM_L=198 RPM_R=194 CMD_L=-55 CMD_R=-55 THROTTLE=-55 STEER=0
114500 INFO TEMP_C=43.4 SUPPLY_V=5.93 RPM_L=198 RPM_R=194 CMD_L=-55 CMD_R=-55 THROTTLE=-55 STEER=0
115000 INFO TEMP_C=43.4 SUPPLY_V=5.94 RPM_L=197 RPM_R=194 CMD_L=-55 CMD_R=-55 THROTTLE=-55 STEER=0
115500 INFO TEMP_C=43.5 SUPPLY_V=5.94 RPM_L=197 RPM_R=193 CMD_L=-55 CMD_R=-55 THROTTLE=-55 STEER=0
116000 WARN EVENT=MOTOR_SPEED_MISMATCH RPM_L=248 RPM_R=157 CMD_L=-70 CMD_R=-70
116000 INFO TEMP_C=43.5 SUPPLY_V=5.94 RPM_L=248 RPM_R=157 CMD_L=-70 CMD_R=-70 THROTTLE=-70 STEER=0
116500 INFO TEMP_C=43.5 SUPPLY_V=5.94 RPM_L=249 RPM_R=159 CMD_L=-70 CMD_R=-70 THROTTLE=-70 STEER=0
117000 INFO TEMP_C=43.5 SUPPLY_V=5.94 RPM_L=249 RPM_R=160 CMD_L=-70 CMD_R=-70 THROTTLE=-70 STEER=0
117500 INFO TEMP_C=43.6 SUPPLY_V=5.94 RPM_L=248 RPM_R=159 CMD_L=-70 CMD_R=-70 THROTTLE=-70 STEER=0
118000 INFO TEMP_C=43.6 SUPPLY_V=5.94 RPM_L=247 RPM_R=157 CMD_L=-70 CMD_R=-70 THROTTLE=-70 STEER=0
118500 INFO EVENT=MOTOR_SPEED_MATCHED RPM_L=247 RPM_R=243 CMD_L=-70 CMD_R=-70
118500 INFO TEMP_C=43.7 SUPPLY_V=5.94 RPM_L=247 RPM_R=243 CMD_L=-70 CMD_R=-70 THROTTLE=-70 STEER=0
119000 INFO TEMP_C=43.7 SUPPLY_V=5.94 RPM_L=193 RPM_R=190 CMD_L=-55 CMD_R=-55 THROTTLE=-55 STEER=0
119500 INFO TEMP_C=43.8 SUPPLY_V=5.94 RPM_L=192 RPM_R=189 CMD_L=-55 CMD_R=-55 THROTTLE=-55 STEER=0
119501 INFO TEMP_C=52.0 SUPPLY_V=5.86 RPM_L=160 RPM_R=158 CMD_L=45 CMD_R=45 THROTTLE=45 STEER=0 EXTRA_FIELD
120000 INFO TEMP_C=43.8 SUPPLY_V=5.93 RPM_L=185 RPM_R=265 CMD_L=-53 CMD_R=-77 THROTTLE=-65 STEER=12
120500 INFO TEMP_C=43.9 SUPPLY_V=5.93 RPM_L=185 RPM_R=265 CMD_L=-53 CMD_R=-77 THROTTLE=-65 STEER=12
121000 INFO TEMP_C=43.9 SUPPLY_V=5.94 RPM_L=185 RPM_R=265 CMD_L=-53 CMD_R=-77 THROTTLE=-65 STEER=12
121500 INFO TEMP_C=44.0 SUPPLY_V=5.94 RPM_L=185 RPM_R=264 CMD_L=-53 CMD_R=-77 THROTTLE=-65 STEER=12
122000 INFO TEMP_C=44.0 SUPPLY_V=5.94 RPM_L=185 RPM_R=264 CMD_L=-53 CMD_R=-77 THROTTLE=-65 STEER=12
122500 INFO TEMP_C=44.1 SUPPLY_V=5.94 RPM_L=185 RPM_R=265 CMD_L=-53 CMD_R=-77 THROTTLE=-65 STEER=12
123000 INFO TEMP_C=44.2 SUPPLY_V=5.94 RPM_L=186 RPM_R=265 CMD_L=-53 CMD_R=-77 THROTTLE=-65 STEER=12
123500 INFO TEMP_C=44.3 SUPPLY_V=5.94 RPM_L=186 RPM_R=265 CMD_L=-53 CMD_R=-77 THROTTLE=-65 STEER=12
124000 INFO TEMP_C=44.3 SUPPLY_V=5.94 RPM_L=187 RPM_R=266 CMD_L=-53 CMD_R=-77 THROTTLE=-65 STEER=12
124500 INFO TEMP_C=44.4 SUPPLY_V=5.94 RPM_L=188 RPM_R=266 CMD_L=-53 CMD_R=-77 THROTTLE=-65 STEER=12
125000 INFO TEMP_C=44.5 SUPPLY_V=5.94 RPM_L=188 RPM_R=267 CMD_L=-53 CMD_R=-77 THROTTLE=-65 STEER=12
125500 INFO TEMP_C=44.6 SUPPLY_V=5.94 RPM_L=189 RPM_R=267 CMD_L=-53 CMD_R=-77 THROTTLE=-65 STEER=12
126000 INFO TEMP_C=44.7 SUPPLY_V=5.94 RPM_L=190 RPM_R=268 CMD_L=-53 CMD_R=-77 THROTTLE=-65 STEER=12
126500 INFO TEMP_C=44.8 SUPPLY_V=5.94 RPM_L=190 RPM_R=268 CMD_L=-53 CMD_R=-77 THROTTLE=-65 STEER=12
127000 INFO TEMP_C=44.9 SUPPLY_V=5.95 RPM_L=190 RPM_R=269 CMD_L=-53 CMD_R=-77 THROTTLE=-65 STEER=12
127500 INFO TEMP_C=45.0 SUPPLY_V=5.95 RPM_L=191 RPM_R=269 CMD_L=-53 CMD_R=-77 THROTTLE=-65 STEER=12
128000 WARN EVENT=HIGH_TEMPERATURE TEMP_C=80.5
128000 INFO TEMP_C=80.5 SUPPLY_V=5.95 RPM_L=191 RPM_R=270 CMD_L=-53 CMD_R=-77 THROTTLE=-65 STEER=12
128500 INFO TEMP_C=81.2 SUPPLY_V=5.95 RPM_L=191 RPM_R=270 CMD_L=-53 CMD_R=-77 THROTTLE=-65 STEER=12
129000 INFO TEMP_C=81.9 SUPPLY_V=5.95 RPM_L=190 RPM_R=270 CMD_L=-53 CMD_R=-77 THROTTLE=-65 STEER=12
129500 INFO TEMP_C=82.6 SUPPLY_V=5.95 RPM_L=190 RPM_R=270 CMD_L=-53 CMD_R=-77 THROTTLE=-65 STEER=12
130000 INFO TEMP_C=83.3 SUPPLY_V=5.95 RPM_L=189 RPM_R=270 CMD_L=-53 CMD_R=-77 THROTTLE=-65 STEER=12
130500 INFO TEMP_C=84.0 SUPPLY_V=5.95 RPM_L=189 RPM_R=270 CMD_L=-53 CMD_R=-77 THROTTLE=-65 STEER=12
131000 INFO TEMP_C=84.7 SUPPLY_V=5.95 RPM_L=188 RPM_R=270 CMD_L=-53 CMD_R=-77 THROTTLE=-65 STEER=12
131500 INFO TEMP_C=85.4 SUPPLY_V=5.95 RPM_L=187 RPM_R=270 CMD_L=-53 CMD_R=-77 THROTTLE=-65 STEER=12
132000 INFO EVENT=TEMPERATURE_NORMAL TEMP_C=74.0
132000 INFO TEMP_C=74.0 SUPPLY_V=5.95 RPM_L=187 RPM_R=269 CMD_L=-53 CMD_R=-77 THROTTLE=-65 STEER=12
132500 INFO TEMP_C=46.1 SUPPLY_V=5.95 RPM_L=186 RPM_R=269 CMD_L=-53 CMD_R=-77 THROTTLE=-65 STEER=12
132501 INFO TEMP_C=54.0 SUPPLY_V=5.86 RPM_L=170 RPM_R=168 CMD_L=50 CMD_R=50 THROTTLE=50 STEER=0 CMD_R=51
133000 INFO TEMP_C=46.2 SUPPLY_V=5.95 RPM_L=186 RPM_R=268 CMD_L=-53 CMD_R=-77 THROTTLE=-65 STEER=12
133500 INFO TEMP_C=46.4 SUPPLY_V=5.95 RPM_L=185 RPM_R=267 CMD_L=-53 CMD_R=-77 THROTTLE=-65 STEER=12
134000 INFO TEMP_C=46.5 SUPPLY_V=5.95 RPM_L=185 RPM_R=267 CMD_L=-53 CMD_R=-77 THROTTLE=-65 STEER=12
134500 INFO TEMP_C=46.6 SUPPLY_V=5.95 RPM_L=185 RPM_R=266 CMD_L=-53 CMD_R=-77 THROTTLE=-65 STEER=12
135000 INFO TEMP_C=46.7 SUPPLY_V=5.99 RPM_L=68 RPM_R=67 CMD_L=20 CMD_R=20 THROTTLE=20 STEER=0
135500 INFO TEMP_C=46.9 SUPPLY_V=5.98 RPM_L=68 RPM_R=67 CMD_L=20 CMD_R=20 THROTTLE=20 STEER=0
136000 INFO TEMP_C=47.0 SUPPLY_V=5.98 RPM_L=68 RPM_R=67 CMD_L=20 CMD_R=20 THROTTLE=20 STEER=0
136500 INFO TEMP_C=47.1 SUPPLY_V=5.98 RPM_L=68 RPM_R=66 CMD_L=20 CMD_R=20 THROTTLE=20 STEER=0
137000 INFO TEMP_C=47.3 SUPPLY_V=5.98 RPM_L=69 RPM_R=66 CMD_L=20 CMD_R=20 THROTTLE=20 STEER=0
137500 INFO TEMP_C=47.4 SUPPLY_V=5.98 RPM_L=70 RPM_R=66 CMD_L=20 CMD_R=20 THROTTLE=20 STEER=0
138000 INFO TEMP_C=47.5 SUPPLY_V=5.98 RPM_L=70 RPM_R=66 CMD_L=20 CMD_R=20 THROTTLE=20 STEER=0
138500 INFO TEMP_C=47.7 SUPPLY_V=5.98 RPM_L=71 RPM_R=66 CMD_L=20 CMD_R=20 THROTTLE=20 STEER=0
139000 INFO TEMP_C=47.8 SUPPLY_V=5.98 RPM_L=72 RPM_R=67 CMD_L=20 CMD_R=20 THROTTLE=20 STEER=0
139500 INFO TEMP_C=47.9 SUPPLY_V=5.98 RPM_L=72 RPM_R=67 CMD_L=20 CMD_R=20 THROTTLE=20 STEER=0
140000 INFO TEMP_C=48.1 SUPPLY_V=5.98 RPM_L=73 RPM_R=68 CMD_L=20 CMD_R=20 THROTTLE=20 STEER=0
140500 INFO TEMP_C=48.2 SUPPLY_V=5.98 RPM_L=73 RPM_R=68 CMD_L=20 CMD_R=20 THROTTLE=20 STEER=0
141000 ERROR EVENT=MOTOR_STALL SIDE=RIGHT RPM_R=0 CMD_R=-75
141000 INFO TEMP_C=48.3 SUPPLY_V=5.40 RPM_L=255 RPM_R=0 CMD_L=-75 CMD_R=-75 THROTTLE=-75 STEER=0
141500 INFO TEMP_C=48.4 SUPPLY_V=5.40 RPM_L=255 RPM_R=0 CMD_L=-75 CMD_R=-75 THROTTLE=-75 STEER=0
142000 INFO TEMP_C=48.6 SUPPLY_V=5.40 RPM_L=255 RPM_R=0 CMD_L=-75 CMD_R=-75 THROTTLE=-75 STEER=0
142500 INFO TEMP_C=48.7 SUPPLY_V=5.40 RPM_L=255 RPM_R=0 CMD_L=-75 CMD_R=-75 THROTTLE=-75 STEER=0
143000 INFO EVENT=MOTOR_RECOVERED SIDE=RIGHT
143000 INFO TEMP_C=48.8 SUPPLY_V=5.40 RPM_L=255 RPM_R=245 CMD_L=-75 CMD_R=-75 THROTTLE=-75 STEER=0
143500 INFO TEMP_C=49.0 SUPPLY_V=5.97 RPM_L=73 RPM_R=71 CMD_L=20 CMD_R=20 THROTTLE=20 STEER=0
144000 INFO TEMP_C=49.1 SUPPLY_V=5.97 RPM_L=72 RPM_R=72 CMD_L=20 CMD_R=20 THROTTLE=20 STEER=0
144500 INFO TEMP_C=49.2 SUPPLY_V=5.97 RPM_L=71 RPM_R=72 CMD_L=20 CMD_R=20 THROTTLE=20 STEER=0
145000 INFO TEMP_C=49.3 SUPPLY_V=5.97 RPM_L=71 RPM_R=72 CMD_L=20 CMD_R=20 THROTTLE=20 STEER=0
145500 INFO TEMP_C=49.4 SUPPLY_V=5.97 RPM_L=70 RPM_R=72 CMD_L=20 CMD_R=20 THROTTLE=20 STEER=0
146000 INFO TEMP_C=49.6 SUPPLY_V=5.97 RPM_L=69 RPM_R=72 CMD_L=20 CMD_R=20 THROTTLE=20 STEER=0
146500 INFO TEMP_C=49.7 SUPPLY_V=5.97 RPM_L=69 RPM_R=72 CMD_L=20 CMD_R=20 THROTTLE=20 STEER=0
146501 INFO TEMP_C=55.0 SUPPLY_V==5.85 RPM_L=180 RPM_R=178 CMD_L=52 CMD_R=52 THROTTLE=52 STEER=0
147000 INFO TEMP_C=49.8 SUPPLY_V=5.97 RPM_L=68 RPM_R=71 CMD_L=20 CMD_R=20 THROTTLE=20 STEER=0
147500 INFO TEMP_C=49.9 SUPPLY_V=5.97 RPM_L=68 RPM_R=71 CMD_L=20 CMD_R=20 THROTTLE=20 STEER=0
148000 INFO TEMP_C=50.0 SUPPLY_V=5.97 RPM_L=68 RPM_R=71 CMD_L=20 CMD_R=20 THROTTLE=20 STEER=0
148500 INFO TEMP_C=50.1 SUPPLY_V=5.96 RPM_L=68 RPM_R=70 CMD_L=20 CMD_R=20 THROTTLE=20 STEER=0
149000 INFO TEMP_C=50.2 SUPPLY_V=5.96 RPM_L=68 RPM_R=69 CMD_L=20 CMD_R=20 THROTTLE=20 STEER=0
149500 INFO TEMP_C=50.3 SUPPLY_V=5.96 RPM_L=68 RPM_R=69 CMD_L=20 CMD_R=20 THROTTLE=20 STEER=0
150000 INFO TEMP_C=50.4 SUPPLY_V=5.98 RPM_L=0 RPM_R=0 CMD_L=0 CMD_R=0 THROTTLE=0 STEER=0
150500 INFO TEMP_C=50.5 SUPPLY_V=5.98 RPM_L=0 RPM_R=0 CMD_L=0 CMD_R=0 THROTTLE=0 STEER=0
151000 INFO TEMP_C=50.6 SUPPLY_V=5.98 RPM_L=0 RPM_R=0 CMD_L=0 CMD_R=0 THROTTLE=0 STEER=0
151500 INFO TEMP_C=50.7 SUPPLY_V=5.98 RPM_L=0 RPM_R=0 CMD_L=0 CMD_R=0 THROTTLE=0 STEER=0
152000 INFO TEMP_C=50.8 SUPPLY_V=5.98 RPM_L=0 RPM_R=0 CMD_L=0 CMD_R=0 THROTTLE=0 STEER=0
152500 INFO TEMP_C=50.8 SUPPLY_V=5.98 RPM_L=0 RPM_R=0 CMD_L=0 CMD_R=0 THROTTLE=0 STEER=0
153000 INFO TEMP_C=50.9 SUPPLY_V=5.98 RPM_L=1 RPM_R=0 CMD_L=0 CMD_R=0 THROTTLE=0 STEER=0
153500 INFO TEMP_C=51.0 SUPPLY_V=5.98 RPM_L=1 RPM_R=0 CMD_L=0 CMD_R=0 THROTTLE=0 STEER=0
154000 INFO TEMP_C=51.1 SUPPLY_V=5.98 RPM_L=2 RPM_R=0 CMD_L=0 CMD_R=0 THROTTLE=0 STEER=0
154500 INFO TEMP_C=51.1 SUPPLY_V=5.98 RPM_L=2 RPM_R=0 CMD_L=0 CMD_R=0 THROTTLE=0 STEER=0
155000 INFO TEMP_C=51.2 SUPPLY_V=5.98 RPM_L=2 RPM_R=0 CMD_L=0 CMD_R=0 THROTTLE=0 STEER=0
155500 INFO TEMP_C=51.3 SUPPLY_V=5.98 RPM_L=2 RPM_R=0 CMD_L=0 CMD_R=0 THROTTLE=0 STEER=0
156000 INFO TEMP_C=51.3 SUPPLY_V=5.98 RPM_L=2 RPM_R=0 CMD_L=0 CMD_R=0 THROTTLE=0 STEER=0
156500 INFO TEMP_C=51.4 SUPPLY_V=5.98 RPM_L=2 RPM_R=0 CMD_L=0 CMD_R=0 THROTTLE=0 STEER=0
157000 WARN EVENT=LOW_SUPPLY SUPPLY_V=5.31
157000 INFO TEMP_C=51.4 SUPPLY_V=5.31 RPM_L=2 RPM_R=0 CMD_L=0 CMD_R=0 THROTTLE=0 STEER=0
157500 INFO TEMP_C=51.5 SUPPLY_V=5.29 RPM_L=1 RPM_R=0 CMD_L=0 CMD_R=0 THROTTLE=0 STEER=0
158000 INFO TEMP_C=51.5 SUPPLY_V=5.28 RPM_L=1 RPM_R=1 CMD_L=0 CMD_R=0 THROTTLE=0 STEER=0
158500 INFO TEMP_C=51.6 SUPPLY_V=5.31 RPM_L=0 RPM_R=1 CMD_L=0 CMD_R=0 THROTTLE=0 STEER=0
159000 INFO TEMP_C=51.6 SUPPLY_V=5.32 RPM_L=0 RPM_R=2 CMD_L=0 CMD_R=0 THROTTLE=0 STEER=0
159500 INFO TEMP_C=51.6 SUPPLY_V=5.30 RPM_L=0 RPM_R=2 CMD_L=0 CMD_R=0 THROTTLE=0 STEER=0
160000 INFO EVENT=SUPPLY_NORMAL SUPPLY_V=5.86
160000 INFO TEMP_C=51.7 SUPPLY_V=5.86 RPM_L=0 RPM_R=2 CMD_L=0 CMD_R=0 THROTTLE=0 STEER=0
160500 INFO TEMP_C=51.7 SUPPLY_V=5.98 RPM_L=0 RPM_R=2 CMD_L=0 CMD_R=0 THROTTLE=0 STEER=0
161000 INFO TEMP_C=51.7 SUPPLY_V=5.99 RPM_L=0 RPM_R=2 CMD_L=0 CMD_R=0 THROTTLE=0 STEER=0
161500 INFO TEMP_C=51.7 SUPPLY_V=5.99 RPM_L=0 RPM_R=2 CMD_L=0 CMD_R=0 THROTTLE=0 STEER=0
161501 ALERT TEMP_C=56.0 SUPPLY_V=5.85 RPM_L=185 RPM_R=183 CMD_L=55 CMD_R=55 THROTTLE=55 STEER=0
162000 INFO TEMP_C=51.8 SUPPLY_V=5.99 RPM_L=0 RPM_R=2 CMD_L=0 CMD_R=0 THROTTLE=0 STEER=0
162500 INFO TEMP_C=51.8 SUPPLY_V=5.99 RPM_L=0 RPM_R=2 CMD_L=0 CMD_R=0 THROTTLE=0 STEER=0
163000 INFO TEMP_C=51.8 SUPPLY_V=5.99 RPM_L=0 RPM_R=2 CMD_L=0 CMD_R=0 THROTTLE=0 STEER=0
163500 INFO TEMP_C=51.8 SUPPLY_V=5.99 RPM_L=0 RPM_R=1 CMD_L=0 CMD_R=0 THROTTLE=0 STEER=0
164000 INFO TEMP_C=51.8 SUPPLY_V=5.99 RPM_L=0 RPM_R=1 CMD_L=0 CMD_R=0 THROTTLE=0 STEER=0
164500 INFO TEMP_C=51.8 SUPPLY_V=5.99 RPM_L=0 RPM_R=0 CMD_L=0 CMD_R=0 THROTTLE=0 STEER=0
165000 INFO TEMP_C=51.8 SUPPLY_V=5.97 RPM_L=105 RPM_R=104 CMD_L=30 CMD_R=30 THROTTLE=30 STEER=0
165500 INFO TEMP_C=51.8 SUPPLY_V=5.97 RPM_L=105 RPM_R=103 CMD_L=30 CMD_R=30 THROTTLE=30 STEER=0
166000 INFO TEMP_C=51.8 SUPPLY_V=5.97 RPM_L=106 RPM_R=103 CMD_L=30 CMD_R=30 THROTTLE=30 STEER=0
166500 INFO TEMP_C=51.8 SUPPLY_V=5.97 RPM_L=107 RPM_R=102 CMD_L=30 CMD_R=30 THROTTLE=30 STEER=0
167000 INFO TEMP_C=51.8 SUPPLY_V=5.97 RPM_L=107 RPM_R=102 CMD_L=30 CMD_R=30 THROTTLE=30 STEER=0
167500 INFO TEMP_C=51.8 SUPPLY_V=5.97 RPM_L=108 RPM_R=101 CMD_L=30 CMD_R=30 THROTTLE=30 STEER=0
168000 INFO TEMP_C=51.8 SUPPLY_V=5.97 RPM_L=108 RPM_R=101 CMD_L=30 CMD_R=30 THROTTLE=30 STEER=0
168500 INFO TEMP_C=51.8 SUPPLY_V=5.97 RPM_L=109 RPM_R=101 CMD_L=30 CMD_R=30 THROTTLE=30 STEER=0
169000 INFO TEMP_C=51.8 SUPPLY_V=5.98 RPM_L=109 RPM_R=101 CMD_L=30 CMD_R=30 THROTTLE=30 STEER=0
169500 INFO TEMP_C=51.8 SUPPLY_V=5.98 RPM_L=109 RPM_R=101 CMD_L=30 CMD_R=30 THROTTLE=30 STEER=0
170000 INFO TEMP_C=51.8 SUPPLY_V=5.98 RPM_L=109 RPM_R=101 CMD_L=30 CMD_R=30 THROTTLE=30 STEER=0
170500 INFO TEMP_C=51.8 SUPPLY_V=5.98 RPM_L=109 RPM_R=102 CMD_L=30 CMD_R=30 THROTTLE=30 STEER=0
171000 WARN EVENT=MOTOR_SPEED_MISMATCH RPM_L=249 RPM_R=159 CMD_L=-70 CMD_R=-70
171000 INFO TEMP_C=51.8 SUPPLY_V=5.98 RPM_L=249 RPM_R=159 CMD_L=-70 CMD_R=-70 THROTTLE=-70 STEER=0
171500 INFO TEMP_C=51.8 SUPPLY_V=5.98 RPM_L=248 RPM_R=157 CMD_L=-70 CMD_R=-70 THROTTLE=-70 STEER=0
172000 INFO TEMP_C=51.8 SUPPLY_V=5.98 RPM_L=247 RPM_R=156 CMD_L=-70 CMD_R=-70 THROTTLE=-70 STEER=0
172500 INFO TEMP_C=51.7 SUPPLY_V=5.98 RPM_L=247 RPM_R=157 CMD_L=-70 CMD_R=-70 THROTTLE=-70 STEER=0
173000 INFO TEMP_C=51.7 SUPPLY_V=5.98 RPM_L=248 RPM_R=159 CMD_L=-70 CMD_R=-70 THROTTLE=-70 STEER=0
173500 INFO EVENT=MOTOR_SPEED_MATCHED RPM_L=247 RPM_R=243 CMD_L=-70 CMD_R=-70
173500 INFO TEMP_C=51.7 SUPPLY_V=5.98 RPM_L=249 RPM_R=243 CMD_L=-70 CMD_R=-70 THROTTLE=-70 STEER=0
174000 INFO TEMP_C=51.7 SUPPLY_V=5.98 RPM_L=104 RPM_R=105 CMD_L=30 CMD_R=30 THROTTLE=30 STEER=0
174500 INFO TEMP_C=51.7 SUPPLY_V=5.98 RPM_L=104 RPM_R=106 CMD_L=30 CMD_R=30 THROTTLE=30 STEER=0
175000 INFO TEMP_C=51.7 SUPPLY_V=5.98 RPM_L=103 RPM_R=106 CMD_L=30 CMD_R=30 THROTTLE=30 STEER=0
175500 INFO TEMP_C=51.7 SUPPLY_V=5.98 RPM_L=103 RPM_R=107 CMD_L=30 CMD_R=30 THROTTLE=30 STEER=0
176000 INFO TEMP_C=51.7 SUPPLY_V=5.98 RPM_L=103 RPM_R=107 CMD_L=30 CMD_R=30 THROTTLE=30 STEER=0
176500 INFO TEMP_C=51.7 SUPPLY_V=5.98 RPM_L=103 RPM_R=107 CMD_L=30 CMD_R=30 THROTTLE=30 STEER=0
176501 INFO TEMP_C=57.0 SUPPLY_V=5.84 RPM_L=one RPM_R=170 CMD_L=50 CMD_R=50 THROTTLE=50 STEER=0
177000 INFO TEMP_C=51.6 SUPPLY_V=5.98 RPM_L=103 RPM_R=107 CMD_L=30 CMD_R=30 THROTTLE=30 STEER=0
177500 INFO TEMP_C=51.6 SUPPLY_V=5.98 RPM_L=103 RPM_R=107 CMD_L=30 CMD_R=30 THROTTLE=30 STEER=0
178000 INFO TEMP_C=51.6 SUPPLY_V=5.98 RPM_L=104 RPM_R=107 CMD_L=30 CMD_R=30 THROTTLE=30 STEER=0
178500 INFO TEMP_C=51.6 SUPPLY_V=5.97 RPM_L=104 RPM_R=106 CMD_L=30 CMD_R=30 THROTTLE=30 STEER=0
179000 INFO TEMP_C=51.6 SUPPLY_V=5.97 RPM_L=105 RPM_R=106 CMD_L=30 CMD_R=30 THROTTLE=30 STEER=0
179500 INFO TEMP_C=51.6 SUPPLY_V=5.97 RPM_L=106 RPM_R=105 CMD_L=30 CMD_R=30 THROTTLE=30 STEER=0
180000 INFO TEMP_C=51.6 SUPPLY_V=5.95 RPM_L=195 RPM_R=192 CMD_L=55 CMD_R=55 THROTTLE=55 STEER=0
180500 INFO TEMP_C=51.6 SUPPLY_V=5.95 RPM_L=196 RPM_R=191 CMD_L=55 CMD_R=55 THROTTLE=55 STEER=0
181000 INFO TEMP_C=51.6 SUPPLY_V=5.95 RPM_L=196 RPM_R=190 CMD_L=55 CMD_R=55 THROTTLE=55 STEER=0
181500 INFO TEMP_C=51.6 SUPPLY_V=5.95 RPM_L=197 RPM_R=190 CMD_L=55 CMD_R=55 THROTTLE=55 STEER=0
182000 INFO TEMP_C=51.7 SUPPLY_V=5.95 RPM_L=197 RPM_R=189 CMD_L=55 CMD_R=55 THROTTLE=55 STEER=0
182500 INFO TEMP_C=51.7 SUPPLY_V=5.95 RPM_L=198 RPM_R=189 CMD_L=55 CMD_R=55 THROTTLE=55 STEER=0
183000 INFO TEMP_C=51.7 SUPPLY_V=5.95 RPM_L=198 RPM_R=188 CMD_L=55 CMD_R=55 THROTTLE=55 STEER=0
183500 INFO TEMP_C=51.7 SUPPLY_V=5.95 RPM_L=198 RPM_R=188 CMD_L=55 CMD_R=55 THROTTLE=55 STEER=0
184000 WARN EVENT=HIGH_TEMPERATURE TEMP_C=80.5
184000 INFO TEMP_C=80.5 SUPPLY_V=5.95 RPM_L=198 RPM_R=188 CMD_L=55 CMD_R=55 THROTTLE=55 STEER=0
184500 INFO TEMP_C=81.2 SUPPLY_V=5.94 RPM_L=197 RPM_R=188 CMD_L=55 CMD_R=55 THROTTLE=55 STEER=0
185000 INFO TEMP_C=81.9 SUPPLY_V=5.94 RPM_L=197 RPM_R=188 CMD_L=55 CMD_R=55 THROTTLE=55 STEER=0
185500 INFO TEMP_C=82.6 SUPPLY_V=5.94 RPM_L=196 RPM_R=188 CMD_L=55 CMD_R=55 THROTTLE=55 STEER=0
186000 INFO TEMP_C=83.3 SUPPLY_V=5.94 RPM_L=196 RPM_R=188 CMD_L=55 CMD_R=55 THROTTLE=55 STEER=0
186500 INFO TEMP_C=84.0 SUPPLY_V=5.94 RPM_L=195 RPM_R=189 CMD_L=55 CMD_R=55 THROTTLE=55 STEER=0
187000 INFO TEMP_C=84.7 SUPPLY_V=5.94 RPM_L=194 RPM_R=189 CMD_L=55 CMD_R=55 THROTTLE=55 STEER=0
187500 INFO TEMP_C=85.4 SUPPLY_V=5.94 RPM_L=194 RPM_R=190 CMD_L=55 CMD_R=55 THROTTLE=55 STEER=0
188000 INFO EVENT=TEMPERATURE_NORMAL TEMP_C=74.0
188000 INFO TEMP_C=74.0 SUPPLY_V=5.94 RPM_L=193 RPM_R=190 CMD_L=55 CMD_R=55 THROTTLE=55 STEER=0
188500 INFO TEMP_C=52.0 SUPPLY_V=5.94 RPM_L=192 RPM_R=191 CMD_L=55 CMD_R=55 THROTTLE=55 STEER=0
188501 INFO TEMP_C=58.0 SUPPLY_V=5.84 RPM_L=160 RPM_R=158 CMD_L=45 CMD_R=45 THROTTLE=45 STEER=0 RPM_R
189000 INFO TEMP_C=52.1 SUPPLY_V=5.94 RPM_L=192 RPM_R=192 CMD_L=55 CMD_R=55 THROTTLE=55 STEER=0
189500 INFO TEMP_C=52.1 SUPPLY_V=5.94 RPM_L=192 RPM_R=192 CMD_L=55 CMD_R=55 THROTTLE=55 STEER=0
190000 INFO TEMP_C=52.2 SUPPLY_V=5.94 RPM_L=192 RPM_R=193 CMD_L=55 CMD_R=55 THROTTLE=55 STEER=0
190500 INFO TEMP_C=52.3 SUPPLY_V=5.94 RPM_L=192 RPM_R=193 CMD_L=55 CMD_R=55 THROTTLE=55 STEER=0
191000 INFO TEMP_C=52.3 SUPPLY_V=5.94 RPM_L=192 RPM_R=193 CMD_L=55 CMD_R=55 THROTTLE=55 STEER=0
191500 INFO TEMP_C=52.4 SUPPLY_V=5.93 RPM_L=192 RPM_R=194 CMD_L=55 CMD_R=55 THROTTLE=55 STEER=0
192000 INFO TEMP_C=52.5 SUPPLY_V=5.93 RPM_L=193 RPM_R=194 CMD_L=55 CMD_R=55 THROTTLE=55 STEER=0
192500 INFO TEMP_C=52.5 SUPPLY_V=5.93 RPM_L=193 RPM_R=194 CMD_L=55 CMD_R=55 THROTTLE=55 STEER=0
193000 INFO TEMP_C=52.6 SUPPLY_V=5.93 RPM_L=194 RPM_R=194 CMD_L=55 CMD_R=55 THROTTLE=55 STEER=0
193500 INFO TEMP_C=52.7 SUPPLY_V=5.93 RPM_L=195 RPM_R=194 CMD_L=55 CMD_R=55 THROTTLE=55 STEER=0
194000 ERROR EVENT=MOTOR_STALL SIDE=RIGHT RPM_R=0 CMD_R=75
194000 INFO TEMP_C=52.8 SUPPLY_V=5.40 RPM_L=255 RPM_R=0 CMD_L=75 CMD_R=75 THROTTLE=75 STEER=0
194500 INFO TEMP_C=52.9 SUPPLY_V=5.40 RPM_L=255 RPM_R=0 CMD_L=75 CMD_R=75 THROTTLE=75 STEER=0
195000 INFO TEMP_C=53.0 SUPPLY_V=5.40 RPM_L=255 RPM_R=0 CMD_L=75 CMD_R=75 THROTTLE=75 STEER=0
195500 INFO TEMP_C=53.1 SUPPLY_V=5.40 RPM_L=255 RPM_R=0 CMD_L=75 CMD_R=75 THROTTLE=75 STEER=0
196000 INFO EVENT=MOTOR_RECOVERED SIDE=RIGHT
196000 INFO TEMP_C=53.1 SUPPLY_V=5.40 RPM_L=255 RPM_R=245 CMD_L=75 CMD_R=75 THROTTLE=75 STEER=0
196500 INFO TEMP_C=53.2 SUPPLY_V=5.92 RPM_L=251 RPM_R=243 CMD_L=70 CMD_R=70 THROTTLE=70 STEER=0
197000 INFO TEMP_C=53.3 SUPPLY_V=5.92 RPM_L=251 RPM_R=242 CMD_L=70 CMD_R=70 THROTTLE=70 STEER=0
197500 INFO TEMP_C=53.5 SUPPLY_V=5.92 RPM_L=251 RPM_R=242 CMD_L=70 CMD_R=70 THROTTLE=70 STEER=0
198000 INFO TEMP_C=53.6 SUPPLY_V=5.92 RPM_L=251 RPM_R=241 CMD_L=70 CMD_R=70 THROTTLE=70 STEER=0
198500 INFO TEMP_C=53.7 SUPPLY_V=5.92 RPM_L=250 RPM_R=241 CMD_L=70 CMD_R=70 THROTTLE=70 STEER=0
199000 INFO TEMP_C=53.8 SUPPLY_V=5.93 RPM_L=250 RPM_R=240 CMD_L=70 CMD_R=70 THROTTLE=70 STEER=0
199500 INFO TEMP_C=53.9 SUPPLY_V=5.93 RPM_L=249 RPM_R=240 CMD_L=70 CMD_R=70 THROTTLE=70 STEER=0
200000 INFO TEMP_C=54.0 SUPPLY_V=5.93 RPM_L=249 RPM_R=240 CMD_L=70 CMD_R=70 THROTTLE=70 STEER=0
200500 INFO TEMP_C=54.1 SUPPLY_V=5.93 RPM_L=248 RPM_R=240 CMD_L=70 CMD_R=70 THROTTLE=70 STEER=0
201000 INFO TEMP_C=54.2 SUPPLY_V=5.93 RPM_L=247 RPM_R=240 CMD_L=70 CMD_R=70 THROTTLE=70 STEER=0
201500 INFO TEMP_C=54.4 SUPPLY_V=5.93 RPM_L=247 RPM_R=240 CMD_L=70 CMD_R=70 THROTTLE=70 STEER=0
202000 INFO TEMP_C=54.5 SUPPLY_V=5.93 RPM_L=246 RPM_R=241 CMD_L=70 CMD_R=70 THROTTLE=70 STEER=0
202500 INFO TEMP_C=54.6 SUPPLY_V=5.93 RPM_L=246 RPM_R=241 CMD_L=70 CMD_R=70 THROTTLE=70 STEER=0
202501 INFO TEMP_C=59.0 SUPPLY_V=5.83 RPM_L=150 RPM_R=148 CMD_L=40 CMD_R=40 THROTTLE=40
203000 INFO TEMP_C=54.7 SUPPLY_V=5.93 RPM_L=245 RPM_R=242 CMD_L=70 CMD_R=70 THROTTLE=70 STEER=0
203500 INFO TEMP_C=54.9 SUPPLY_V=5.93 RPM_L=245 RPM_R=242 CMD_L=70 CMD_R=70 THROTTLE=70 STEER=0
204000 INFO TEMP_C=55.0 SUPPLY_V=5.93 RPM_L=245 RPM_R=243 CMD_L=70 CMD_R=70 THROTTLE=70 STEER=0
204500 INFO TEMP_C=55.1 SUPPLY_V=5.93 RPM_L=245 RPM_R=243 CMD_L=70 CMD_R=70 THROTTLE=70 STEER=0
205000 INFO TEMP_C=55.3 SUPPLY_V=5.94 RPM_L=245 RPM_R=244 CMD_L=70 CMD_R=70 THROTTLE=70 STEER=0
205500 INFO TEMP_C=55.4 SUPPLY_V=5.94 RPM_L=246 RPM_R=245 CMD_L=70 CMD_R=70 THROTTLE=70 STEER=0
206000 INFO TEMP_C=55.5 SUPPLY_V=5.94 RPM_L=246 RPM_R=245 CMD_L=70 CMD_R=70 THROTTLE=70 STEER=0
206500 INFO TEMP_C=55.7 SUPPLY_V=5.94 RPM_L=247 RPM_R=245 CMD_L=70 CMD_R=70 THROTTLE=70 STEER=0
207000 INFO TEMP_C=55.8 SUPPLY_V=5.94 RPM_L=248 RPM_R=246 CMD_L=70 CMD_R=70 THROTTLE=70 STEER=0
207500 INFO TEMP_C=55.9 SUPPLY_V=5.94 RPM_L=248 RPM_R=246 CMD_L=70 CMD_R=70 THROTTLE=70 STEER=0
208000 INFO TEMP_C=56.1 SUPPLY_V=5.94 RPM_L=249 RPM_R=246 CMD_L=70 CMD_R=70 THROTTLE=70 STEER=0
208500 INFO TEMP_C=56.2 SUPPLY_V=5.94 RPM_L=250 RPM_R=246 CMD_L=70 CMD_R=70 THROTTLE=70 STEER=0
209000 INFO TEMP_C=56.3 SUPPLY_V=5.94 RPM_L=250 RPM_R=246 CMD_L=70 CMD_R=70 THROTTLE=70 STEER=0
209500 INFO TEMP_C=56.5 SUPPLY_V=5.94 RPM_L=250 RPM_R=246 CMD_L=70 CMD_R=70 THROTTLE=70 STEER=0
210000 INFO TEMP_C=56.6 SUPPLY_V=5.95 RPM_L=279 RPM_R=148 CMD_L=78 CMD_R=42 THROTTLE=60 STEER=18

